
--- [V] 테스트 결과 ---
최종 자본: $10000000.00 (수익: $0.00)
매매 횟수: 0 (SL: 0, TP1: 0, TP2: 0)
승률(TP2 기준): 0.00%
AI 필터링 횟수: 0
------------------------------
[V] 백테스트 완료: PnL $0.00, 진입 0회

--- [IWM] 테스트 결과 ---
최종 자본: $9996281.81 (수익: $-3718.19)
매매 횟수: 2 (SL: 2, TP1: 0, TP2: 0)
승률(TP2 기준): 0.00%
AI 필터링 횟수: 4
------------------------------
[IWM] 백테스트 완료: PnL $-3718.19, 진입 2회

==================================================
      SMC STRATEGY BACKTEST FINAL SUMMARY
==================================================
Symbol     | Trades   | Total PnL   
--------------------------------------------------
V          | 0        | $      0.00
IWM        | 2        | $  -3718.19
--------------------------------------------------
TOTAL PnL: $-3718.19
==================================================
